

Working Directory = /home/redhatacademy19/Documents/Siddhant/RUN/BINARY UD 10 Stages_Multiple Lib_Fast Cells/14
QoS Summary for rope_binary_ud_pair
================================================================================
Metric                          generic         mapped         
================================================================================
Slack (ps):                     1,500           1,278
  R2R (ps):                     1,500           1,278
  I2R (ps):                     1,777           1,655
  R2O (ps):                     1,753           1,766
  I2O (ps):                  no_value        no_value
  CG  (ps):                  no_value        no_value
TNS (ps):                           0               0
  R2R (ps):                         0               0
  I2R (ps):                         0               0
  R2O (ps):                         0               0
  I2O (ps):                  no_value        no_value
  CG  (ps):                  no_value        no_value
Failing Paths:                      0               0
Cell Area:                     12,810           4,966
Total Cell Area:               12,810           4,966
Leaf Instances:                 3,775           1,370
Total Instances:                3,775           1,370
Utilization (%):                 0.00            0.00
Tot. Net Length (um):        no_value        no_value
Avg. Net Length (um):        no_value        no_value
Route Overflow H (%):        no_value        no_value
Route Overflow V (%):        no_value        no_value
MBCI(%) (bits/gate) :            0.00            0.00
Norm Cong Hotspot Area:
  Max Cong:                  no_value        no_value
  Tot Cong:                  no_value        no_value
================================================================================
CPU  Runtime (h:m:s):        00:30:15        00:30:13
Real Runtime (h:m:s):        00:30:36        00:30:09
CPU  Elapsed (h:m:s):        00:30:17        00:30:30
Real Elapsed (h:m:s):        00:30:37        00:30:46
Memory (MB):                  1677.52         1743.25
================================================================================
================================================================================
Flow Settings:
================================================================================
Total Runtime (h:m:s): 00:30:46
Total Memory (MB):     1751.25
Executable Version:    21.10-p002_1
================================================================================
Total Cell Area =  Cell Area + Physical Cell Area
Total Instances =  Leaf Instances + Physical Instances


