

Working Directory = /home/redhatacademy19/Documents/Siddhant/RUN/7 frac bits/12 stages/csd
QoS Summary for rope_csd_pair
================================================================================
Metric                          generic         mapped         
================================================================================
Slack (ps):                     1,439           1,311
  R2R (ps):                     1,572           1,311
  I2R (ps):                     1,439           1,330
  R2O (ps):                     1,753           1,767
  I2O (ps):                  no_value        no_value
  CG  (ps):                  no_value        no_value
TNS (ps):                           0               0
  R2R (ps):                         0               0
  I2R (ps):                         0               0
  R2O (ps):                         0               0
  I2O (ps):                  no_value        no_value
  CG  (ps):                  no_value        no_value
Failing Paths:                      0               0
Cell Area:                     13,252           5,983
Total Cell Area:               13,252           5,983
Leaf Instances:                 3,840           2,211
Total Instances:                3,840           2,211
Utilization (%):                 0.00            0.00
Tot. Net Length (um):        no_value        no_value
Avg. Net Length (um):        no_value        no_value
Route Overflow H (%):        no_value        no_value
Route Overflow V (%):        no_value        no_value
MBCI(%) (bits/gate) :            0.00            0.00
Norm Cong Hotspot Area:
  Max Cong:                  no_value        no_value
  Tot Cong:                  no_value        no_value
================================================================================
CPU  Runtime (h:m:s):        00:30:33        00:30:10
Real Runtime (h:m:s):        00:30:45        00:30:07
CPU  Elapsed (h:m:s):        00:30:35        00:30:45
Real Elapsed (h:m:s):        00:30:46        00:30:53
Memory (MB):                  1528.17         1592.00
================================================================================
================================================================================
Flow Settings:
================================================================================
Total Runtime (h:m:s): 00:30:52
Total Memory (MB):     1600.00
Executable Version:    21.10-p002_1
================================================================================
Total Cell Area =  Cell Area + Physical Cell Area
Total Instances =  Leaf Instances + Physical Instances


